\BOOKMARK [1][-]{section*.1}{\376\377\000A\000b\000s\000t\000r\000a\000c\000t}{}% 1
\BOOKMARK [1][-]{section.1}{\376\377\0001\000\040\000I\000n\000t\000r\000o\000d\000u\000c\000t\000i\000o\000n}{}% 2
\BOOKMARK [2][-]{subsection.1.1}{\376\377\0001\000.\0001\000\040\000T\000h\000e\000\040\000C\000h\000a\000l\000l\000e\000n\000g\000e\000:\000\040\000D\000e\000p\000l\000o\000y\000m\000e\000n\000t\000,\000\040\000U\000s\000a\000b\000i\000l\000i\000t\000y\000,\000\040\000a\000n\000d\000\040\000S\000u\000s\000t\000a\000i\000n\000a\000b\000i\000l\000i\000t\000y}{section.1}% 3
\BOOKMARK [2][-]{subsection.1.2}{\376\377\0001\000.\0002\000\040\000R\000e\000s\000e\000a\000r\000c\000h\000\040\000A\000i\000m\000\040\000a\000n\000d\000\040\000O\000b\000j\000e\000c\000t\000i\000v\000e\000s}{section.1}% 4
\BOOKMARK [2][-]{subsection.1.3}{\376\377\0001\000.\0003\000\040\000R\000e\000s\000e\000a\000r\000c\000h\000\040\000Q\000u\000e\000s\000t\000i\000o\000n\000s}{section.1}% 5
\BOOKMARK [2][-]{subsection.1.4}{\376\377\0001\000.\0004\000\040\000C\000o\000n\000t\000r\000i\000b\000u\000t\000i\000o\000n\000s}{section.1}% 6
\BOOKMARK [1][-]{section.2}{\376\377\0002\000\040\000R\000e\000l\000a\000t\000e\000d\000\040\000W\000o\000r\000k}{}% 7
\BOOKMARK [2][-]{subsection.2.1}{\376\377\0002\000.\0001\000\040\000U\000s\000a\000b\000i\000l\000i\000t\000y\000\040\000E\000v\000a\000l\000u\000a\000t\000i\000o\000n\000\040\000o\000f\000\040\000I\000n\000t\000e\000l\000l\000i\000g\000e\000n\000t\000\040\000S\000y\000s\000t\000e\000m\000s}{section.2}% 8
\BOOKMARK [2][-]{subsection.2.2}{\376\377\0002\000.\0002\000\040\000C\000o\000n\000v\000e\000r\000s\000a\000t\000i\000o\000n\000a\000l\000\040\000I\000n\000t\000e\000r\000f\000a\000c\000e\000s\000\040\000f\000o\000r\000\040\000S\000m\000a\000r\000t\000\040\000E\000n\000v\000i\000r\000o\000n\000m\000e\000n\000t\000s}{section.2}% 9
\BOOKMARK [2][-]{subsection.2.3}{\376\377\0002\000.\0003\000\040\000C\000r\000o\000s\000s\000-\000S\000y\000s\000t\000e\000m\000\040\000A\000d\000a\000p\000t\000a\000b\000i\000l\000i\000t\000y\000\040\000a\000n\000d\000\040\000P\000o\000r\000t\000a\000b\000i\000l\000i\000t\000y}{section.2}% 10
\BOOKMARK [2][-]{subsection.2.4}{\376\377\0002\000.\0004\000\040\000R\000e\000s\000e\000a\000r\000c\000h\000\040\000G\000a\000p\000s}{section.2}% 11
\BOOKMARK [1][-]{section.3}{\376\377\0003\000\040\000S\000y\000s\000t\000e\000m\000\040\000O\000v\000e\000r\000v\000i\000e\000w}{}% 12
\BOOKMARK [2][-]{subsection.3.1}{\376\377\0003\000.\0001\000\040\000C\000o\000r\000e\000\040\000C\000o\000m\000p\000o\000n\000e\000n\000t\000s}{section.3}% 13
\BOOKMARK [2][-]{subsection.3.2}{\376\377\0003\000.\0002\000\040\000D\000a\000t\000a\000\040\000L\000a\000y\000e\000r}{section.3}% 14
\BOOKMARK [1][-]{section.4}{\376\377\0004\000\040\000A\000r\000c\000h\000i\000t\000e\000c\000t\000u\000r\000e\000\040\000a\000n\000d\000\040\000W\000o\000r\000k\000f\000l\000o\000w}{}% 15
\BOOKMARK [2][-]{subsection.4.1}{\376\377\0004\000.\0001\000\040\000T\000h\000e\000\040\000C\000o\000g\000n\000i\000t\000i\000v\000e\000\040\000L\000i\000f\000e\000c\000y\000c\000l\000e}{section.4}% 16
\BOOKMARK [2][-]{subsection.4.2}{\376\377\0004\000.\0002\000\040\000L\000a\000n\000g\000G\000r\000a\000p\000h\000\040\000O\000r\000c\000h\000e\000s\000t\000r\000a\000t\000i\000o\000n}{section.4}% 17
\BOOKMARK [1][-]{section.5}{\376\377\0005\000\040\000O\000n\000t\000o\000S\000a\000g\000e\000\040\000D\000e\000p\000l\000o\000y\000m\000e\000n\000t\000\040\000W\000o\000r\000k\000f\000l\000o\000w\000\040\000a\000n\000d\000\040\000C\000r\000o\000s\000s\000-\000B\000u\000i\000l\000d\000i\000n\000g\000\040\000A\000d\000a\000p\000t\000a\000t\000i\000o\000n}{}% 18
\BOOKMARK [2][-]{subsection.5.1}{\376\377\0005\000.\0001\000\040\000D\000e\000p\000l\000o\000y\000m\000e\000n\000t\000\040\000O\000v\000e\000r\000v\000i\000e\000w\000:\000\040\000B\000u\000i\000l\000d\000i\000n\000g\000s\000\040\000A\000,\000\040\000B\000,\000\040\000a\000n\000d\000\040\000C}{section.5}% 19
\BOOKMARK [2][-]{subsection.5.2}{\376\377\0005\000.\0002\000\040\000T\0000\000-\000T\0005\000\040\000A\000d\000a\000p\000t\000a\000t\000i\000o\000n\000\040\000W\000o\000r\000k\000f\000l\000o\000w}{section.5}% 20
\BOOKMARK [2][-]{subsection.5.3}{\376\377\0005\000.\0003\000\040\000Q\000u\000a\000n\000t\000i\000t\000a\000t\000i\000v\000e\000\040\000A\000d\000a\000p\000t\000a\000t\000i\000o\000n\000\040\000E\000f\000f\000o\000r\000t\000\040\000S\000u\000m\000m\000a\000r\000y}{section.5}% 21
\BOOKMARK [2][-]{subsection.5.4}{\376\377\0005\000.\0004\000\040\000D\000e\000p\000l\000o\000y\000m\000e\000n\000t\000\040\000C\000h\000a\000l\000l\000e\000n\000g\000e\000s\000\040\000a\000n\000d\000\040\000L\000e\000s\000s\000o\000n\000s\000\040\000L\000e\000a\000r\000n\000e\000d}{section.5}% 22
\BOOKMARK [1][-]{section.6}{\376\377\0006\000\040\000E\000v\000a\000l\000u\000a\000t\000i\000o\000n\000\040\000M\000e\000t\000h\000o\000d\000o\000l\000o\000g\000y}{}% 23
\BOOKMARK [2][-]{subsection.6.1}{\376\377\0006\000.\0001\000\040\000S\000t\000u\000d\000y\000\040\000D\000e\000s\000i\000g\000n}{section.6}% 24
\BOOKMARK [2][-]{subsection.6.2}{\376\377\0006\000.\0002\000\040\000P\000a\000r\000t\000i\000c\000i\000p\000a\000n\000t\000\040\000R\000e\000c\000r\000u\000i\000t\000m\000e\000n\000t\000\040\000a\000n\000d\000\040\000D\000e\000m\000o\000g\000r\000a\000p\000h\000i\000c\000s}{section.6}% 25
\BOOKMARK [2][-]{subsection.6.3}{\376\377\0006\000.\0003\000\040\000E\000v\000a\000l\000u\000a\000t\000i\000o\000n\000\040\000I\000n\000s\000t\000r\000u\000m\000e\000n\000t\000s}{section.6}% 26
\BOOKMARK [2][-]{subsection.6.4}{\376\377\0006\000.\0004\000\040\000E\000x\000p\000e\000r\000i\000m\000e\000n\000t\000a\000l\000\040\000P\000r\000o\000c\000e\000d\000u\000r\000e\000s}{section.6}% 27
\BOOKMARK [1][-]{section.7}{\376\377\0007\000\040\000U\000s\000a\000b\000i\000l\000i\000t\000y\000\040\000E\000v\000a\000l\000u\000a\000t\000i\000o\000n\000\040\000R\000e\000s\000u\000l\000t\000s}{}% 28
\BOOKMARK [2][-]{subsection.7.1}{\376\377\0007\000.\0001\000\040\000S\000y\000s\000t\000e\000m\000\040\000U\000s\000a\000b\000i\000l\000i\000t\000y\000\040\000S\000c\000a\000l\000e\000\040\000R\000e\000s\000u\000l\000t\000s}{section.7}% 29
\BOOKMARK [2][-]{subsection.7.2}{\376\377\0007\000.\0002\000\040\000N\000A\000S\000A\000\040\000T\000a\000s\000k\000\040\000L\000o\000a\000d\000\040\000I\000n\000d\000e\000x\000\040\000R\000e\000s\000u\000l\000t\000s}{section.7}% 30
\BOOKMARK [2][-]{subsection.7.3}{\376\377\0007\000.\0003\000\040\000T\000a\000s\000k\000\040\000C\000o\000m\000p\000l\000e\000t\000i\000o\000n\000\040\000P\000e\000r\000f\000o\000r\000m\000a\000n\000c\000e}{section.7}% 31
\BOOKMARK [2][-]{subsection.7.4}{\376\377\0007\000.\0004\000\040\000Q\000u\000a\000l\000i\000t\000a\000t\000i\000v\000e\000\040\000U\000s\000a\000b\000i\000l\000i\000t\000y\000\040\000F\000i\000n\000d\000i\000n\000g\000s}{section.7}% 32
\BOOKMARK [1][-]{section.8}{\376\377\0008\000\040\000A\000d\000a\000p\000t\000a\000b\000i\000l\000i\000t\000y\000\040\000E\000v\000a\000l\000u\000a\000t\000i\000o\000n\000\040\000R\000e\000s\000u\000l\000t\000s}{}% 33
\BOOKMARK [2][-]{subsection.8.1}{\376\377\0008\000.\0001\000\040\000C\000r\000o\000s\000s\000-\000B\000u\000i\000l\000d\000i\000n\000g\000\040\000D\000e\000p\000l\000o\000y\000m\000e\000n\000t\000\040\000T\000i\000m\000e\000l\000i\000n\000e}{section.8}% 34
\BOOKMARK [2][-]{subsection.8.2}{\376\377\0008\000.\0002\000\040\000T\000e\000c\000h\000n\000i\000c\000a\000l\000\040\000A\000d\000a\000p\000t\000a\000t\000i\000o\000n\000\040\000R\000e\000q\000u\000i\000r\000e\000m\000e\000n\000t\000s}{section.8}% 35
\BOOKMARK [1][-]{section.9}{\376\377\0009\000\040\000U\000s\000e\000f\000u\000l\000n\000e\000s\000s\000\040\000E\000v\000a\000l\000u\000a\000t\000i\000o\000n\000\040\000R\000e\000s\000u\000l\000t\000s}{}% 36
\BOOKMARK [2][-]{subsection.9.1}{\376\377\0009\000.\0001\000\040\000B\000a\000s\000e\000l\000i\000n\000e\000\040\000T\000a\000s\000k\000\040\000P\000e\000r\000f\000o\000r\000m\000a\000n\000c\000e\000\040\000C\000o\000m\000p\000a\000r\000i\000s\000o\000n}{section.9}% 37
\BOOKMARK [2][-]{subsection.9.2}{\376\377\0009\000.\0002\000\040\000L\000o\000n\000g\000i\000t\000u\000d\000i\000n\000a\000l\000\040\000R\000e\000a\000l\000-\000W\000o\000r\000l\000d\000\040\000U\000s\000a\000g\000e}{section.9}% 38
\BOOKMARK [1][-]{section.10}{\376\377\0001\0000\000\040\000D\000i\000s\000c\000u\000s\000s\000i\000o\000n}{}% 39
\BOOKMARK [2][-]{subsection.10.1}{\376\377\0001\0000\000.\0001\000\040\000S\000y\000n\000t\000h\000e\000s\000i\000s\000\040\000o\000f\000\040\000F\000i\000n\000d\000i\000n\000g\000s}{section.10}% 40
\BOOKMARK [2][-]{subsection.10.2}{\376\377\0001\0000\000.\0002\000\040\000F\000a\000c\000t\000o\000r\000s\000\040\000I\000n\000f\000l\000u\000e\000n\000c\000i\000n\000g\000\040\000A\000d\000o\000p\000t\000i\000o\000n\000\040\000\050\000R\000Q\0004\000\051}{section.10}% 41
\BOOKMARK [1][-]{section.11}{\376\377\0001\0001\000\040\000D\000e\000s\000i\000g\000n\000\040\000G\000u\000i\000d\000e\000l\000i\000n\000e\000s\000\040\000f\000o\000r\000\040\000C\000o\000n\000v\000e\000r\000s\000a\000t\000i\000o\000n\000a\000l\000\040\000S\000m\000a\000r\000t\000\040\000B\000u\000i\000l\000d\000i\000n\000g\000\040\000I\000n\000t\000e\000r\000f\000a\000c\000e\000s}{}% 42
\BOOKMARK [2][-]{subsection.11.1}{\376\377\0001\0001\000.\0001\000\040\000U\000s\000a\000b\000i\000l\000i\000t\000y\000\040\000G\000u\000i\000d\000e\000l\000i\000n\000e\000s}{section.11}% 43
\BOOKMARK [2][-]{subsection.11.2}{\376\377\0001\0001\000.\0002\000\040\000A\000d\000a\000p\000t\000a\000b\000i\000l\000i\000t\000y\000\040\000G\000u\000i\000d\000e\000l\000i\000n\000e\000s}{section.11}% 44
\BOOKMARK [2][-]{subsection.11.3}{\376\377\0001\0001\000.\0003\000\040\000U\000s\000e\000f\000u\000l\000n\000e\000s\000s\000\040\000G\000u\000i\000d\000e\000l\000i\000n\000e\000s}{section.11}% 45
\BOOKMARK [1][-]{section.12}{\376\377\0001\0002\000\040\000C\000o\000n\000c\000l\000u\000s\000i\000o\000n}{}% 46
\BOOKMARK [2][-]{subsection.12.1}{\376\377\0001\0002\000.\0001\000\040\000K\000e\000y\000\040\000C\000o\000n\000t\000r\000i\000b\000u\000t\000i\000o\000n\000s}{section.12}% 47
\BOOKMARK [2][-]{subsection.12.2}{\376\377\0001\0002\000.\0002\000\040\000C\000l\000o\000s\000i\000n\000g\000\040\000R\000e\000m\000a\000r\000k\000s}{section.12}% 48
\BOOKMARK [1][-]{section*.15}{\376\377\000R\000e\000f\000e\000r\000e\000n\000c\000e\000s}{}% 49
